[backblue.gif]
[fade.gif]
[index.html]
[homepages.wmich.edu/_kaminski/3310/A1Specs.pdf]
[homepages.wmich.edu/_kaminski/3310/A1RawData.csv]
[homepages.wmich.edu/_kaminski/3310/A1RawDataSample.csv]
[homepages.wmich.edu/_kaminski/3310/A1TransData1.txt]
[homepages.wmich.edu/_kaminski/3310/A1TransData3.txt]
[homepages.wmich.edu/_kaminski/3310/A1TransData4.txt]
[homepages.wmich.edu/_kaminski/3310/DataCleanup.zip]
[homepages.wmich.edu/_kaminski/3310/DataTableImplementation.txt]
[homepages.wmich.edu/_kaminski/3310/NameIndexImplementation.txt]
[homepages.wmich.edu/_kaminski/3310/ExtraClassesAllowed.txt]
[homepages.wmich.edu/_kaminski/3310/InputStreamProcessing.txt]
[homepages.wmich.edu/_kaminski/3310/HowManyObjects.txt]
[homepages.wmich.edu/_kaminski/3310/BackupFileIssues.txt]
[homepages.wmich.edu/_kaminski/3310/A1DemoSpecs.pdf]
[homepages.wmich.edu/_kaminski/3310/A1CoverPage.pdf]
[homepages.wmich.edu/_kaminski/3310/A2SpecsPartA.pdf]
[homepages.wmich.edu/_kaminski/3310/A2SpecsPartB.pdf]
[homepages.wmich.edu/_kaminski/3310/RandomAccessAndDirectAddress.pdf]
[homepages.wmich.edu/_kaminski/3310/ByteOffsetCalculations.pdf]
[homepages.wmich.edu/_kaminski/3310/ExternalStorageAndDataRecords.pdf]
[homepages.wmich.edu/_kaminski/3310/A2RawDataSample.csv]
[homepages.wmich.edu/_kaminski/3310/A2TransData1.txt]
[homepages.wmich.edu/_kaminski/3310/A2TransData2.txt]
[homepages.wmich.edu/_kaminski/3310/A2TransData3.txt]
[homepages.wmich.edu/_kaminski/3310/BSTasATree.pdf]
[homepages.wmich.edu/_kaminski/3310/BSTasStored.pdf]
[homepages.wmich.edu/_kaminski/3310/NameLengthInIndexVsDataTable.txt]
[homepages.wmich.edu/_kaminski/3310/GnpAndLifeExp.zip]
[homepages.wmich.edu/_kaminski/3310/DataTableRECORDclassOptional.txt]
[homepages.wmich.edu/_kaminski/3310/NoDuplicateIdChecking.txt]
[homepages.wmich.edu/_kaminski/3310/A2DemoSpecs.pdf]
[homepages.wmich.edu/_kaminski/3310/A2CoverPage.pdf]
[homepages.wmich.edu/_kaminski/3310/A3Specs.pdf]
[homepages.wmich.edu/_kaminski/3310/NoNameIndexNote.txt]
[homepages.wmich.edu/_kaminski/3310/DesignNotes.txt]
[homepages.wmich.edu/_kaminski/3310/BinaryFileNotes.txt]
[homepages.wmich.edu/_kaminski/3310/HashingConcepts.pdf]
[homepages.wmich.edu/_kaminski/3310/DataTableIssues.pdf]
[homepages.wmich.edu/_kaminski/3310/A3RawDataSample.csv]
[homepages.wmich.edu/_kaminski/3310/A3TransData1.txt]
[homepages.wmich.edu/_kaminski/3310/PrettyPrintUtility.java]
[homepages.wmich.edu/_kaminski/3310/PrettyPrintUtility.cs]
[homepages.wmich.edu/_kaminski/3310/HashFunctionWorksheet.pdf]
[homepages.wmich.edu/_kaminski/3310/HashFileWorksheet.pdf]
[homepages.wmich.edu/_kaminski/3310/HashFunctionWorksheetDONE.pdf]
[homepages.wmich.edu/_kaminski/3310/HashFileWorksheetDONE.pdf]
[homepages.wmich.edu/_kaminski/3310/A3DemoSpecs.pdf]
[homepages.wmich.edu/_kaminski/3310/A3CoverPage.pdf]
[homepages.wmich.edu/_kaminski/3310/A4Specs.pdf]
[homepages.wmich.edu/_kaminski/3310/A4NotLikeA1A2A3.txt]
[homepages.wmich.edu/_kaminski/3310/LineAt6Am.csv]
[homepages.wmich.edu/_kaminski/3310/Events.txt]
[homepages.wmich.edu/_kaminski/3310/HeapWSAfterOpening.pdf]
[homepages.wmich.edu/_kaminski/3310/HeapWSAfterOpeningDONE.pdf]
[homepages.wmich.edu/_kaminski/3310/A4DemoSpecs.pdf]
[homepages.wmich.edu/_kaminski/3310/A4CoverPage.pdf]
[homepages.wmich.edu/_kaminski/3310/A5Specs.pdf]
[homepages.wmich.edu/_kaminski/3310/NineFilesAsText.pdf]
[homepages.wmich.edu/_kaminski/3310/OneByteIntegerIndexFilesFromScott.zip]
[homepages.wmich.edu/_kaminski/3310/TwoByteShortsIndexFilesFromDan.zip]
[homepages.wmich.edu/_kaminski/3310/FakeActualData1.txt]
[homepages.wmich.edu/_kaminski/3310/FakeActualData2.txt]
[homepages.wmich.edu/_kaminski/3310/FakeActualData3.txt]
[homepages.wmich.edu/_kaminski/3310/A5TransData1.txt]
[homepages.wmich.edu/_kaminski/3310/A5TransData2.txt]
[homepages.wmich.edu/_kaminski/3310/A5TransData3.txt]
[homepages.wmich.edu/_kaminski/3310/A5DemoSpecs.pdf]
[homepages.wmich.edu/_kaminski/3310/A5CoverPage.pdf]
[homepages.wmich.edu/_kaminski/3310/A6Specs.pdf]
[homepages.wmich.edu/_kaminski/3310/MichiganRawMapData.txt]
[homepages.wmich.edu/_kaminski/3310/CityPairsTestPlan.txt]
[homepages.wmich.edu/_kaminski/3310/MCPAlgorQuestions.txt]
[homepages.wmich.edu/_kaminski/3310/A6DemoSpecs.txt]
[homepages.wmich.edu/_kaminski/3310/A6CoverPage.pdf]
[homepages.wmich.edu/_kaminski/3310/index.html]
[homepages.wmich.edu/_kaminski/3310/admin/Syllabus.pdf]
[homepages.wmich.edu/_kaminski/3310/admin/Policies.pdf]
[homepages.wmich.edu/_kaminski/3310/admin/FormatSpecs.pdf]
[homepages.wmich.edu/_kaminski/3310/admin/Dev&Debugging.pdf]
[homepages.wmich.edu/_kaminski/3310/admin/CSHelpDesk.txt]
[homepages.wmich.edu/_kaminski/3310/admin/CourseAdminAndHelp.html]
[homepages.wmich.edu/_kaminski/3310/readings/BSTAlgor.pdf]
[homepages.wmich.edu/_kaminski/3310/readings/HeapAlgor.pdf]
[homepages.wmich.edu/_kaminski/3310/readings/DijkstrasAlgor.pdf]
[homepages.wmich.edu/_kaminski/3310/readings/BTreeAsATree.pdf]
[homepages.wmich.edu/_kaminski/3310/readings/BTreeAsAFile.pdf]
[homepages.wmich.edu/_kaminski/3310/readings/BTreeInsertAlgor.pdf]
[homepages.wmich.edu/_kaminski/3310/readings/BPlusTreeAsATree.pdf]
[homepages.wmich.edu/_kaminski/3310/readings/BPlusTreeAsAFileWithRRNs.txt]
[homepages.wmich.edu/_kaminski/3310/readings/BPlusTreeAsAFile.txt]
[homepages.wmich.edu/_kaminski/3310/readings/MakeABinaryBPlusTreeNode.zip]
[homepages.wmich.edu/_kaminski/3310/readings/MySQLnonStandardASCII.txt]
[homepages.wmich.edu/_kaminski/3310/readings/ConnectorProblemFix.pdf]
[homepages.wmich.edu/_kaminski/3310/readings/ConnectorProblemFix2.txt]
[homepages.wmich.edu/_kaminski/3310/readings/InstallingMySQL.pdf]
[homepages.wmich.edu/_kaminski/3310/readings/AccessDBFromJava.pdf]
[homepages.wmich.edu/_kaminski/3310/readings/UseMySqlDb.zip]
[homepages.wmich.edu/_kaminski/3310/readings/WorldLogFileJ.txt]
[homepages.wmich.edu/_kaminski/3310/readings/UseMySqlDb.java]
[homepages.wmich.edu/_kaminski/3310/readings/DataRetrieval.java]
[homepages.wmich.edu/_kaminski/3310/readings/DataUpdate.java]
[homepages.wmich.edu/_kaminski/3310/readings/AccessDBFromCSharp.pdf]
[homepages.wmich.edu/_kaminski/3310/readings/UseMySqlDbCS.zip]
[homepages.wmich.edu/_kaminski/3310/readings/WorldLogFile.txt]
[homepages.wmich.edu/_kaminski/3310/readings/UseMySqlDb.cs]
[homepages.wmich.edu/_kaminski/3310/readings/DataRetrieval.cs]
[homepages.wmich.edu/_kaminski/3310/readings/DataUpdate.cs]
[homepages.wmich.edu/_kaminski/3310/readings/MusicFiles.zip]
[homepages.wmich.edu/_kaminski/3310/readings/MusicFilesREADME.pdf]
[homepages.wmich.edu/_kaminski/3310/readings/MusicDriver.sql]
[homepages.wmich.edu/_kaminski/3310/readings/CreateMusicDB.sql]
[homepages.wmich.edu/_kaminski/3310/readings/InsertCdData.sql]
[homepages.wmich.edu/_kaminski/3310/readings/LoadCdData.sql]
[homepages.wmich.edu/_kaminski/3310/readings/RawCdData.csv]
[homepages.wmich.edu/_kaminski/3310/readings/MusicLogFile.txt]
[homepages.wmich.edu/_kaminski/3310/readings/QueryMusicDB.sql]
[homepages.wmich.edu/_kaminski/3310/readings/WorldFiles.zip]
[homepages.wmich.edu/_kaminski/3310/readings/WorldDBSchema.txt]
[homepages.wmich.edu/_kaminski/3310/readings/DescribeWorldDB.sql]
[homepages.wmich.edu/_kaminski/3310/readings/WorldDBDescription.txt]
[homepages.wmich.edu/_kaminski/3310/readings/WorldDriver.sql]
[homepages.wmich.edu/_kaminski/3310/readings/CreateWorldDB.sql]
[homepages.wmich.edu/_kaminski/3310/readings/InsertCountryData.sql]
[homepages.wmich.edu/_kaminski/3310/readings/InsertCityData.sql]
[homepages.wmich.edu/_kaminski/3310/readings/InsertCountryLanguageData.sql]
[homepages.wmich.edu/_kaminski/3310/readings/world.sql]
[homepages.wmich.edu/_kaminski/3310/readings/DBDesignConcepts.pdf]
[homepages.wmich.edu/_kaminski/3310/readings/DesignEmployeeDB.pdf]
[homepages.wmich.edu/_kaminski/3310/readings/ReadingsAndReferences.html]
[homepages.wmich.edu/_kaminski/3310/java/files/PR2PProgramOne.java]
[homepages.wmich.edu/_kaminski/3310/java/NotCloseOutFile.zip]
[homepages.wmich.edu/_kaminski/3310/java/files/NotCloseOutFile.java]
[homepages.wmich.edu/_kaminski/3310/java/UsingFileInputStream.zip]
[homepages.wmich.edu/_kaminski/3310/java/files/UsingFileInputStream.java]
[homepages.wmich.edu/_kaminski/3310/java/ReadLoopStructure.zip]
[homepages.wmich.edu/_kaminski/3310/java/files/ReadLoopStructure.java]
[homepages.wmich.edu/_kaminski/3310/java/files/FileReaderLoops.java]
[homepages.wmich.edu/_kaminski/3310/java/files/FileInputStreamLoops.java]
[homepages.wmich.edu/_kaminski/3310/java/ExtraMissingCRLF.zip]
[homepages.wmich.edu/_kaminski/3310/java/files/ExtraMissingCRLF.java]
[homepages.wmich.edu/_kaminski/3310/java/FileClVarLenRec.zip]
[homepages.wmich.edu/_kaminski/3310/java/files/FileClVarLenRec.java]
[homepages.wmich.edu/_kaminski/3310/java/files/FCInputFile.java]
[homepages.wmich.edu/_kaminski/3310/java/files/FCOutputFile.java]
[homepages.wmich.edu/_kaminski/3310/java/FileClRecClFixLenRec.zip]
[homepages.wmich.edu/_kaminski/3310/java/files/FileClRecClFixLenRec.java]
[homepages.wmich.edu/_kaminski/3310/java/files/FCRCInputFile.java]
[homepages.wmich.edu/_kaminski/3310/java/files/FCRCInputRec.java]
[homepages.wmich.edu/_kaminski/3310/java/files/FCRCOutputFile.java]
[homepages.wmich.edu/_kaminski/3310/java/files/FCRCOutputRec.java]
[homepages.wmich.edu/_kaminski/3310/java/ConvFixVarFields.zip]
[homepages.wmich.edu/_kaminski/3310/java/files/ConvFixVarFields.java]
[homepages.wmich.edu/_kaminski/3310/java/AppHas2Prog.zip]
[homepages.wmich.edu/_kaminski/3310/java/files/Program1.java]
[homepages.wmich.edu/_kaminski/3310/java/files/Program2.java]
[homepages.wmich.edu/_kaminski/3310/java/TwoProgShareClass.zip]
[homepages.wmich.edu/_kaminski/3310/java/files/ProgramOne.java]
[homepages.wmich.edu/_kaminski/3310/java/files/ProgramTwo.java]
[homepages.wmich.edu/_kaminski/3310/java/files/MessageClass.java]
[homepages.wmich.edu/_kaminski/3310/java/ProgRuns2Progs.zip]
[homepages.wmich.edu/_kaminski/3310/java/files/PR2PDriverProgram.java]
[homepages.wmich.edu/_kaminski/3310/java/files/PR2PProgramTwo.java]
[homepages.wmich.edu/_kaminski/3310/java/files/PR2PMessageClass.java]
[homepages.wmich.edu/_kaminski/3310/java/TestDriver.zip]
[homepages.wmich.edu/_kaminski/3310/java/files/TDriverProgram.java]
[homepages.wmich.edu/_kaminski/3310/java/files/TDisplayProgram.java]
[homepages.wmich.edu/_kaminski/3310/java/RandomAccess.zip]
[homepages.wmich.edu/_kaminski/3310/java/files/CreateProgram.java]
[homepages.wmich.edu/_kaminski/3310/java/files/QueryProgram.java]
[homepages.wmich.edu/_kaminski/3310/java/files/DumpProgram.java]
[homepages.wmich.edu/_kaminski/3310/java/files/RanFile.java]
[homepages.wmich.edu/_kaminski/3310/java/RanAccCkforEmpty.zip]
[homepages.wmich.edu/_kaminski/3310/java/files/RanAccCkforEmpty.java]
[homepages.wmich.edu/_kaminski/3310/java/BinaryStreamReadWrite.zip]
[homepages.wmich.edu/_kaminski/3310/java/files/BSRWCreateProgram.java]
[homepages.wmich.edu/_kaminski/3310/java/files/BSRWDisplayProgram.java]
[homepages.wmich.edu/_kaminski/3310/java/files/BSRWBinFile.java]
[homepages.wmich.edu/_kaminski/3310/java/BinRWRandom.zip]
[homepages.wmich.edu/_kaminski/3310/java/files/BRWRCreateProgram.java]
[homepages.wmich.edu/_kaminski/3310/java/files/BRWRQueryProgram.java]
[homepages.wmich.edu/_kaminski/3310/java/files/BRWRDisplayProgram.java]
[homepages.wmich.edu/_kaminski/3310/java/files/BRWRBinFile.java]
[homepages.wmich.edu/_kaminski/3310/java/CreateSerBinFile.zip]
[homepages.wmich.edu/_kaminski/3310/java/files/CreateSerBinFile.java]
[homepages.wmich.edu/_kaminski/3310/java/files/SerBinFile.java]
[homepages.wmich.edu/_kaminski/3310/java/files/SerBinRec.java]
[homepages.wmich.edu/_kaminski/3310/java/DeleteAFile.zip]
[homepages.wmich.edu/_kaminski/3310/java/files/DeleteAFile.java]
[homepages.wmich.edu/_kaminski/3310/java/AppendingToAFile.zip]
[homepages.wmich.edu/_kaminski/3310/java/files/AppendingToAFile.java]
[homepages.wmich.edu/_kaminski/3310/java/files/LogFile.java]
[homepages.wmich.edu/_kaminski/3310/java/ScannerWithExtAscii.txt]
[homepages.wmich.edu/_kaminski/3310/java/BufferedReaderClass.java]
[homepages.wmich.edu/_kaminski/3310/java/JavaExamples.html]
[homepages.wmich.edu/_kaminski/3310/csharp/NotCloseOutFile.zip]
[homepages.wmich.edu/_kaminski/3310/csharp/files/NotCloseOutFile.cs]
[homepages.wmich.edu/_kaminski/3310/csharp/UsingFileStream.zip]
[homepages.wmich.edu/_kaminski/3310/csharp/files/UsingFileStream.cs]
[homepages.wmich.edu/_kaminski/3310/csharp/ReadLoopStructure.zip]
[homepages.wmich.edu/_kaminski/3310/csharp/files/ReadLoopStructure.cs]
[homepages.wmich.edu/_kaminski/3310/csharp/files/StrRdrLoops.cs]
[homepages.wmich.edu/_kaminski/3310/csharp/files/FileStrLoops.cs]
[homepages.wmich.edu/_kaminski/3310/csharp/ExtraMissingCRLF.zip]
[homepages.wmich.edu/_kaminski/3310/csharp/files/ExtraMissingCRLF.cs]
[homepages.wmich.edu/_kaminski/3310/csharp/SeparateFileClass.pdf]
[homepages.wmich.edu/_kaminski/3310/csharp/FileClVarLenRec.zip]
[homepages.wmich.edu/_kaminski/3310/csharp/files/FCVarLenRec.cs]
[homepages.wmich.edu/_kaminski/3310/csharp/files/FCVarLenRecInFile.cs]
[homepages.wmich.edu/_kaminski/3310/csharp/files/FCVarLenRecOutFile.cs]
[homepages.wmich.edu/_kaminski/3310/csharp/FileClRecClFixLenRec.zip]
[homepages.wmich.edu/_kaminski/3310/csharp/files/FCRCFixLenRec.cs]
[homepages.wmich.edu/_kaminski/3310/csharp/files/FCRCFixLenRecInFile.cs]
[homepages.wmich.edu/_kaminski/3310/csharp/files/FCRCFixLenRecInRec.cs]
[homepages.wmich.edu/_kaminski/3310/csharp/files/FCRCFixLenRecOutFile.cs]
[homepages.wmich.edu/_kaminski/3310/csharp/files/FCRCFixLenRecOutRec.cs]
[homepages.wmich.edu/_kaminski/3310/csharp/ConvFixVarFields.zip]
[homepages.wmich.edu/_kaminski/3310/csharp/files/ConvFixVarFields.cs]
[homepages.wmich.edu/_kaminski/3310/csharp/files/CFVFRecTypeConversion.cs]
[homepages.wmich.edu/_kaminski/3310/csharp/AppHas2Prog.zip]
[homepages.wmich.edu/_kaminski/3310/csharp/files/AppHas2ProgCreateProgram.cs]
[homepages.wmich.edu/_kaminski/3310/csharp/files/AppHas2ProgDisplayProgram.cs]
[homepages.wmich.edu/_kaminski/3310/csharp/TwoProgShareClass.zip]
[homepages.wmich.edu/_kaminski/3310/csharp/files/TPSCCreateProgram.cs]
[homepages.wmich.edu/_kaminski/3310/csharp/files/TPSCDisplayProgram.cs]
[homepages.wmich.edu/_kaminski/3310/csharp/files/TPSCTheFile.cs]
[homepages.wmich.edu/_kaminski/3310/csharp/ProgRuns2Prog.zip]
[homepages.wmich.edu/_kaminski/3310/csharp/files/PR2PDriverProgram.cs]
[homepages.wmich.edu/_kaminski/3310/csharp/files/PR2PCreateProgram.cs]
[homepages.wmich.edu/_kaminski/3310/csharp/files/PR2PDisplayProgram.cs]
[homepages.wmich.edu/_kaminski/3310/csharp/files/PR2PTheFile.cs]
[homepages.wmich.edu/_kaminski/3310/csharp/TestDriver.zip]
[homepages.wmich.edu/_kaminski/3310/csharp/files/TDDriverProgram.cs]
[homepages.wmich.edu/_kaminski/3310/csharp/files/TDDisplayProgram.cs]
[homepages.wmich.edu/_kaminski/3310/csharp/RandomFile.txt]
[homepages.wmich.edu/_kaminski/3310/csharp/RandomAccess.zip]
[homepages.wmich.edu/_kaminski/3310/csharp/files/RACreateProgram.cs]
[homepages.wmich.edu/_kaminski/3310/csharp/files/RAQueryProgram.cs]
[homepages.wmich.edu/_kaminski/3310/csharp/files/RADumpProgram.cs]
[homepages.wmich.edu/_kaminski/3310/csharp/files/RARanFile.cs]
[homepages.wmich.edu/_kaminski/3310/csharp/RanAccCkforEmpty.zip]
[homepages.wmich.edu/_kaminski/3310/csharp/files/RanAccCkforEmpty.cs]
[homepages.wmich.edu/_kaminski/3310/csharp/BinaryFile.pdf]
[homepages.wmich.edu/_kaminski/3310/csharp/SerializedBinaryFile.pdf]
[homepages.wmich.edu/_kaminski/3310/csharp/BinaryReaderWriter.zip]
[homepages.wmich.edu/_kaminski/3310/csharp/files/BRWCreateProgram.cs]
[homepages.wmich.edu/_kaminski/3310/csharp/files/BRWDisplayProgram.cs]
[homepages.wmich.edu/_kaminski/3310/csharp/files/BRWBinFile.cs]
[homepages.wmich.edu/_kaminski/3310/csharp/BinRWRandom.zip]
[homepages.wmich.edu/_kaminski/3310/csharp/files/BRWRCreateProgram.cs]
[homepages.wmich.edu/_kaminski/3310/csharp/files/BRWRDisplayProgram.cs]
[homepages.wmich.edu/_kaminski/3310/csharp/files/BRWRQueryProgram.cs]
[homepages.wmich.edu/_kaminski/3310/csharp/files/BRWRBinFile.cs]
[homepages.wmich.edu/_kaminski/3310/csharp/CreateSerBinFile.zip]
[homepages.wmich.edu/_kaminski/3310/csharp/files/SerBinFileCreateProg.cs]
[homepages.wmich.edu/_kaminski/3310/csharp/files/SerBinFile.cs]
[homepages.wmich.edu/_kaminski/3310/csharp/files/SerBinRec.cs]
[homepages.wmich.edu/_kaminski/3310/csharp/DeleteAFile.zip]
[homepages.wmich.edu/_kaminski/3310/csharp/files/DeleteAFile.cs]
[homepages.wmich.edu/_kaminski/3310/csharp/AppendingToAFile.zip]
[homepages.wmich.edu/_kaminski/3310/csharp/files/AppendingToAFile.cs]
[homepages.wmich.edu/_kaminski/3310/csharp/CSharpExamples.html]
[homepages.wmich.edu/_kaminski/3310/other/ZeroVsOne.pdf]
[homepages.wmich.edu/_kaminski/3310/other/HierarchicalStructure.java]
[homepages.wmich.edu/_kaminski/3310/other/HierarchicalStructure.cs]
[homepages.wmich.edu/_kaminski/3310/other/GotoStructure.java]
[homepages.wmich.edu/_kaminski/3310/other/GotoStructure.cs]
[homepages.wmich.edu/_kaminski/3310/other/LoopStr.java]
[homepages.wmich.edu/_kaminski/3310/other/LoopStr.cs]
[homepages.wmich.edu/_kaminski/3310/other/FormatOutput.java]
[homepages.wmich.edu/_kaminski/3310/other/FormatOutput.cs]
[homepages.wmich.edu/_kaminski/3310/other/FormatAs2Col.txt]
[homepages.wmich.edu/_kaminski/3310/other/FormatToAString.txt]
[homepages.wmich.edu/_kaminski/3310/other/DumpATextFile.pdf]
[homepages.wmich.edu/_kaminski/3310/other/PortingAFile.pdf]
[homepages.wmich.edu/_kaminski/3310/other/Orig.txt]
[homepages.wmich.edu/_kaminski/3310/other/A.txt]
[homepages.wmich.edu/_kaminski/3310/other/B.txt]
[homepages.wmich.edu/_kaminski/3310/other/DataTypeStorage.java]
[homepages.wmich.edu/_kaminski/3310/other/BinaryFile.pdf]
[homepages.wmich.edu/_kaminski/3310/other/DataTypeStorage.cs]
[homepages.wmich.edu/_kaminski/3310/other/BinaryFileCS.pdf]
[homepages.wmich.edu/_kaminski/3310/other/DumpABinaryFile.pdf]
[homepages.wmich.edu/_kaminski/3310/other/Endian.pdf]
[homepages.wmich.edu/_kaminski/3310/other/PaddingAField.pdf]
[homepages.wmich.edu/_kaminski/3310/other/OtherIssues.html]
[homepages.wmich.edu/_kaminski/3310/A1TransData2.txt]
[homepages.wmich.edu/_kaminski/3310/LineAt6Am.html]
[homepages.wmich.edu/_kaminski/3310/ih.html]
[homepages.wmich.edu/_kaminski/3310/readings/EmployeeFiles.html]
[homepages.wmich.edu/_kaminski/3310/java/www.cs.wmich.edu/_cs1110.html]
[homepages.wmich.edu/_kaminski/3310/java/Other files/SeparateFileClass.html]
[homepages.wmich.edu/_kaminski/3310/csharp/www.cs.wmich.edu/_cs1110.html]
[homepages.wmich.edu/_kaminski/3310/csharp/WhatsTheRecord.html]
[homepages.wmich.edu/_kaminski/3310/csharp//files/AppHas2ProgDisplayProgram.html]
[homepages.wmich.edu/_kaminski/3310/csharp/GenericBinFile.html]
